[eval]
[eval]:1
'use strict'; with(this){__filename}
              ^^^^^

SyntaxError: 'with' statements are not allowed in strict mode
   at createScript (vm.js:*:*)
   at runInThisContext (vm.js:*:*)
   at Anonymous function ([eval]-wrapper:*:*)
   at Module.prototype._compile (module.js:*:*)
   at evalScript (bootstrap_node.js:*:*)
   at startup (bootstrap_node.js:*:*)
   at Anonymous function (bootstrap_node.js:*:*)
42
42
vm.js:*
    return realRunInThisContext.call(this, options);
    ^

Error: hello
   at Global code ([eval]:*:*)
   at Script.prototype.runInThisContext (vm.js:*:*)
   at runInThisContext (vm.js:*:*)
   at Anonymous function ([eval]-wrapper:*:*)
   at Module.prototype._compile (module.js:*:*)
   at evalScript (bootstrap_node.js:*:*)
   at startup (bootstrap_node.js:*:*)
   at Anonymous function (bootstrap_node.js:*:*)
vm.js:*
    return realRunInThisContext.call(this, options);
    ^

Error: hello
   at Global code ([eval]:*:*)
   at Script.prototype.runInThisContext (vm.js:*:*)
   at runInThisContext (vm.js:*:*)
   at Anonymous function ([eval]-wrapper:*:*)
   at Module.prototype._compile (module.js:*:*)
   at evalScript (bootstrap_node.js:*:*)
   at startup (bootstrap_node.js:*:*)
   at Anonymous function (bootstrap_node.js:*:*)
100
vm.js:*
    return realRunInThisContext.call(this, options);
    ^

ReferenceError: Variable undefined in strict mode
   at Global code ([eval]:*:*)
   at Script.prototype.runInThisContext (vm.js:*:*)
   at runInThisContext (vm.js:*:*)
   at Anonymous function ([eval]-wrapper:*:*)
   at Module.prototype._compile (module.js:*:*)
   at evalScript (bootstrap_node.js:*:*)
   at startup (bootstrap_node.js:*:*)
   at Anonymous function (bootstrap_node.js:*:*)

vm.js:*
    return realRunInThisContext.call(this, options);
    ^
10

vm.js:*
    return realRunInThisContext.call(this, options);
    ^
10
done