before
*test*message*stack_overflow.js:*
  stackOverflow();
  ^

Error: Out of stack space
